11:17:51 **** Build of configuration Debug for project TP_Final_PdM_PdC ****
make -j4 all 
arm-none-eabi-size   TP_Final_PdM_PdC.elf 
   text	   data	    bss	    dec	    hex	filename
  34196	    604	   4332	  39132	   98dc	TP_Final_PdM_PdC.elf
Finished building: default.size.stdout
 
11:18:08 **** Incremental Build of configuration Debug for project TP_Final_PdM_PdC ****
make -j4 all 
arm-none-eabi-size   TP_Final_PdM_PdC.elf 
   text	   data	    bss	    dec	    hex	filename
  34196	    604	   4332	  39132	   98dc	TP_Final_PdM_PdC.elf
Finished building: default.size.stdout
 
